Copyright 1986-2014 Xilinx, Inc. All Rights Reserved.
-------------------------------------------------------------------------------------------------------------------
| Tool Version : Vivado v.2014.3.1 (lin64) Build 1056140 Thu Oct 30 16:30:39 MDT 2014
| Date         : Fri Nov 14 14:40:10 2014
| Host         : bunker running 64-bit Ubuntu 14.04.1 LTS
| Command      : report_utilization -file zed_wrapper_utilization_placed.rpt -pb zed_wrapper_utilization_placed.pb
| Design       : zed_wrapper
| Device       : xc7z010
| Design State : Fully Placed
-------------------------------------------------------------------------------------------------------------------

Utilization Design Information

Table of Contents
-----------------
1. Slice Logic
1.1 Summary of Registers by Type
2. Slice Logic Distribution
3. Memory
4. DSP
5. IO and GT Specific
6. Clocking
7. Specific Feature
8. Primitives
9. Black Boxes
10. Instantiated Netlists

1. Slice Logic
--------------

+----------------------------+------+-------+-----------+-------+
|          Site Type         | Used | Fixed | Available | Util% |
+----------------------------+------+-------+-----------+-------+
| Slice LUTs                 | 3676 |     0 |     17600 | 20.88 |
|   LUT as Logic             | 3052 |     0 |     17600 | 17.34 |
|   LUT as Memory            |  624 |     0 |      6000 | 10.40 |
|     LUT as Distributed RAM |  264 |     0 |           |       |
|     LUT as Shift Register  |  360 |     0 |           |       |
| Slice Registers            | 5483 |     0 |     35200 | 15.57 |
|   Register as Flip Flop    | 5483 |     0 |     35200 | 15.57 |
|   Register as Latch        |    0 |     0 |     35200 |  0.00 |
| F7 Muxes                   |  126 |     0 |      8800 |  1.43 |
| F8 Muxes                   |   46 |     0 |      4400 |  1.04 |
+----------------------------+------+-------+-----------+-------+


1.1 Summary of Registers by Type
--------------------------------

+-------+--------------+-------------+--------------+
| Total | Clock Enable | Synchronous | Asynchronous |
+-------+--------------+-------------+--------------+
| 0     |            _ |           - |            - |
| 0     |            _ |           - |          Set |
| 0     |            _ |           - |        Reset |
| 0     |            _ |         Set |            - |
| 0     |            _ |       Reset |            - |
| 0     |          Yes |           - |            - |
| 73    |          Yes |           - |          Set |
| 705   |          Yes |           - |        Reset |
| 168   |          Yes |         Set |            - |
| 4537  |          Yes |       Reset |            - |
+-------+--------------+-------------+--------------+


2. Slice Logic Distribution
---------------------------

+-------------------------------------------------------------+-----------+-------+-----------+-------+
|                          Site Type                          |    Used   | Fixed | Available | Util% |
+-------------------------------------------------------------+-----------+-------+-----------+-------+
| Slice                                                       |      1699 |     0 |      4400 | 38.61 |
|   SLICEL                                                    |      1109 |     0 |           |       |
|   SLICEM                                                    |       590 |     0 |           |       |
| LUT as Logic                                                |      3052 |     0 |     17600 | 17.34 |
|   using O5 output only                                      |         0 |       |           |       |
|   using O6 output only                                      |      2441 |       |           |       |
|   using O5 and O6                                           |       611 |       |           |       |
| LUT as Memory                                               |       624 |     0 |      6000 | 10.40 |
|   LUT as Distributed RAM                                    |       264 |     0 |           |       |
|     using O5 output only                                    |         0 |       |           |       |
|     using O6 output only                                    |       176 |       |           |       |
|     using O5 and O6                                         |        88 |       |           |       |
|   LUT as Shift Register                                     |       360 |     0 |           |       |
|     using O5 output only                                    |         2 |       |           |       |
|     using O6 output only                                    |       148 |       |           |       |
|     using O5 and O6                                         |       210 |       |           |       |
| LUT Flip Flop Pairs                                         |      5356 |     0 |     17600 | 30.43 |
|   fully used LUT-FF pairs                                   |      2395 |       |           |       |
|   LUT-FF pairs with unused LUT                              |      1682 |       |           |       |
|   LUT-FF pairs with unused Flip Flop                        |      1279 |       |           |       |
| Unique Control Sets                                         |       326 |       |           |       |
| Minimum number of registers lost to control set restriction | 789(Lost) |       |           |       |
+-------------------------------------------------------------+-----------+-------+-----------+-------+


3. Memory
---------

+-------------------+------+-------+-----------+-------+
|     Site Type     | Used | Fixed | Available | Util% |
+-------------------+------+-------+-----------+-------+
| Block RAM Tile    |    4 |     0 |        60 |  6.66 |
|   RAMB36/FIFO*    |    3 |     0 |        60 |  5.00 |
|     RAMB36E1 only |    3 |       |           |       |
|   RAMB18          |    2 |     0 |       120 |  1.66 |
|     RAMB18E1 only |    2 |       |           |       |
+-------------------+------+-------+-----------+-------+
* Note: Each Block RAM Tile only has one FIFO logic available and therefore can accommodate only one FIFO36E1 or one FIFO18E1. However, if a FIFO18E1 occupies a Block RAM Tile, that tile can still accommodate a RAMB18E1


4. DSP
------

+-----------+------+-------+-----------+-------+
| Site Type | Used | Fixed | Available | Util% |
+-----------+------+-------+-----------+-------+
| DSPs      |    0 |     0 |        80 |  0.00 |
+-----------+------+-------+-----------+-------+


5. IO and GT Specific
---------------------

+-----------------------------+------+-------+-----------+--------+
|          Site Type          | Used | Fixed | Available |  Util% |
+-----------------------------+------+-------+-----------+--------+
| Bonded IOB                  |    0 |     0 |       100 |   0.00 |
| Bonded IPADs                |    0 |     0 |         2 |   0.00 |
| Bonded IOPADs               |  130 |   130 |       130 | 100.00 |
| PHY_CONTROL                 |    0 |     0 |         2 |   0.00 |
| PHASER_REF                  |    0 |     0 |         2 |   0.00 |
| OUT_FIFO                    |    0 |     0 |         8 |   0.00 |
| IN_FIFO                     |    0 |     0 |         8 |   0.00 |
| IDELAYCTRL                  |    0 |     0 |         2 |   0.00 |
| IBUFGDS                     |    0 |     0 |        96 |   0.00 |
| PHASER_OUT/PHASER_OUT_PHY   |    0 |     0 |         8 |   0.00 |
| PHASER_IN/PHASER_IN_PHY     |    0 |     0 |         8 |   0.00 |
| IDELAYE2/IDELAYE2_FINEDELAY |    0 |     0 |       100 |   0.00 |
| ILOGIC                      |    0 |     0 |       100 |   0.00 |
| OLOGIC                      |    0 |     0 |       100 |   0.00 |
+-----------------------------+------+-------+-----------+--------+


6. Clocking
-----------

+------------+------+-------+-----------+-------+
|  Site Type | Used | Fixed | Available | Util% |
+------------+------+-------+-----------+-------+
| BUFGCTRL   |    3 |     0 |        32 |  9.37 |
| BUFIO      |    0 |     0 |         8 |  0.00 |
| MMCME2_ADV |    0 |     0 |         2 |  0.00 |
| PLLE2_ADV  |    0 |     0 |         2 |  0.00 |
| BUFMRCE    |    0 |     0 |         4 |  0.00 |
| BUFHCE     |    0 |     0 |        48 |  0.00 |
| BUFR       |    0 |     0 |         8 |  0.00 |
+------------+------+-------+-----------+-------+


7. Specific Feature
-------------------

+-------------+------+-------+-----------+-------+
|  Site Type  | Used | Fixed | Available | Util% |
+-------------+------+-------+-----------+-------+
| BSCANE2     |    1 |     0 |         4 | 25.00 |
| CAPTUREE2   |    0 |     0 |         1 |  0.00 |
| DNA_PORT    |    0 |     0 |         1 |  0.00 |
| EFUSE_USR   |    0 |     0 |         1 |  0.00 |
| FRAME_ECCE2 |    0 |     0 |         1 |  0.00 |
| ICAPE2      |    0 |     0 |         2 |  0.00 |
| STARTUPE2   |    0 |     0 |         1 |  0.00 |
| XADC        |    0 |     0 |         1 |  0.00 |
+-------------+------+-------+-----------+-------+


8. Primitives
-------------

+----------+------+----------------------+
| Ref Name | Used |  Functional Category |
+----------+------+----------------------+
| FDRE     | 4537 |         Flop & Latch |
| LUT4     | 1008 |                  LUT |
| LUT3     |  946 |                  LUT |
| LUT6     |  898 |                  LUT |
| FDCE     |  705 |         Flop & Latch |
| LUT5     |  391 |                  LUT |
| LUT2     |  356 |                  LUT |
| SRL16E   |  302 |   Distributed Memory |
| SRLC32E  |  266 |   Distributed Memory |
| RAMD64E  |  176 |   Distributed Memory |
| FDSE     |  168 |         Flop & Latch |
| RAMD32   |  132 |   Distributed Memory |
| BIBUF    |  130 |                   IO |
| MUXF7    |  126 |                MuxFx |
| CARRY4   |  105 |           CarryLogic |
| FDPE     |   73 |         Flop & Latch |
| LUT1     |   64 |                  LUT |
| MUXF8    |   46 |                MuxFx |
| RAMS32   |   44 |   Distributed Memory |
| RAMB36E1 |    3 |         Block Memory |
| BUFG     |    3 |                Clock |
| SRLC16E  |    2 |   Distributed Memory |
| RAMB18E1 |    2 |         Block Memory |
| PS7      |    1 | Specialized Resource |
| BSCANE2  |    1 |               Others |
+----------+------+----------------------+


9. Black Boxes
--------------

+----------+------+
| Ref Name | Used |
+----------+------+


10. Instantiated Netlists
-------------------------

+------------+------+
|  Ref Name  | Used |
+------------+------+
| dbg_hub_CV |    1 |
+------------+------+


